// Jest Snapshot v1, https://goo.gl/fbAQLP

exports[`Form should send an event when state has changed 1`] = `
Object {
  "name": "Mr Joe",
}
`;
